
> Task :compileJava
.\gradlew.bat : D:\Code\Java\chia-bill
\src\main\java\com\kaitohuy\chiabill\m
apper\TripMapper.java:13: warning: 
Unmapped target property: 
"memberCount".
At line:1 char:1
+ .\gradlew.bat compileJava > 
compile_errors.txt 2>&1
+ ~~~~~~~~~~~~~~~~~~~~~~~~~~~~~~~~~~~~
~~~~~~~~~~~~~~~
    + CategoryInfo          : NotSpec 
   ified: (D:\Code\Java\ch... "membe  
  rCount".:String) [], RemoteExcept   
 ion
    + FullyQualifiedErrorId : NativeC 
   ommandError
 
    TripResponse toResponse(Trip 
trip);
                 ^
D:\Code\Java\chia-bill\src\main\java\c
om\kaitohuy\chiabill\service\impl\Expo
rtServiceImpl.java:53: error: 
incompatible types: 
org.apache.poi.ss.usermodel.Font 
cannot be converted to 
com.lowagie.text.Font
            Font titleFont = 
workbook.createFont();
                                      
          ^
D:\Code\Java\chia-bill\src\main\java\c
om\kaitohuy\chiabill\service\impl\Expo
rtServiceImpl.java:54: error: cannot 
find symbol
            titleFont.setBold(true);
                     ^
  symbol:   method setBold(boolean)
  location: variable titleFont of 
type Font
D:\Code\Java\chia-bill\src\main\java\c
om\kaitohuy\chiabill\service\impl\Expo
rtServiceImpl.java:55: error: cannot 
find symbol
            titleFont.setFontHeightInP
oints((short) 16);
                     ^
  symbol:   method 
setFontHeightInPoints(short)
  location: variable titleFont of 
type Font
D:\Code\Java\chia-bill\src\main\java\c
om\kaitohuy\chiabill\service\impl\Expo
rtServiceImpl.java:56: error: 
incompatible types: 
com.lowagie.text.Font cannot be 
converted to 
org.apache.poi.ss.usermodel.Font
            
titleStyle.setFont(titleFont);
                               ^
D:\Code\Java\chia-bill\src\main\java\c
om\kaitohuy\chiabill\service\impl\Expo
rtServiceImpl.java:62: error: 
reference to Row is ambiguous
            Row titleRow = 
sheet.createRow(rowIdx++);
            ^
  both class com.lowagie.text.Row in 
com.lowagie.text and interface 
org.apache.poi.ss.usermodel.Row in 
org.apache.poi.ss.usermodel match
D:\Code\Java\chia-bill\src\main\java\c
om\kaitohuy\chiabill\service\impl\Expo
rtServiceImpl.java:63: error: 
reference to Cell is ambiguous
            Cell titleCell = 
titleRow.createCell(0);
            ^
  both class com.lowagie.text.Cell in 
com.lowagie.text and interface 
org.apache.poi.ss.usermodel.Cell in 
org.apache.poi.ss.usermodel match
D:\Code\Java\chia-bill\src\main\java\c
om\kaitohuy\chiabill\service\impl\Expo
rtServiceImpl.java:78: error: 
reference to Row is ambiguous
            Row memberHeaderRow = 
sheet.createRow(rowIdx++);
            ^
  both class com.lowagie.text.Row in 
com.lowagie.text and interface 
org.apache.poi.ss.usermodel.Row in 
org.apache.poi.ss.usermodel match
D:\Code\Java\chia-bill\src\main\java\c
om\kaitohuy\chiabill\service\impl\Expo
rtServiceImpl.java:81: error: 
reference to Cell is ambiguous
                Cell cell = 
memberHeaderRow.createCell(i);
                ^
  both class com.lowagie.text.Cell in 
com.lowagie.text and interface 
org.apache.poi.ss.usermodel.Cell in 
org.apache.poi.ss.usermodel match
D:\Code\Java\chia-bill\src\main\java\c
om\kaitohuy\chiabill\service\impl\Expo
rtServiceImpl.java:88: error: 
reference to Row is ambiguous
                Row row = 
sheet.createRow(rowIdx++);
                ^
  both class com.lowagie.text.Row in 
com.lowagie.text and interface 
org.apache.poi.ss.usermodel.Row in 
org.apache.poi.ss.usermodel match
D:\Code\Java\chia-bill\src\main\java\c
om\kaitohuy\chiabill\service\impl\Expo
rtServiceImpl.java:99: error: 
reference to Row is ambiguous
            Row expenseHeaderRow = 
sheet.createRow(rowIdx++);
            ^
  both class com.lowagie.text.Row in 
com.lowagie.text and interface 
org.apache.poi.ss.usermodel.Row in 
org.apache.poi.ss.usermodel match
D:\Code\Java\chia-bill\src\main\java\c
om\kaitohuy\chiabill\service\impl\Expo
rtServiceImpl.java:102: error: 
reference to Cell is ambiguous
                Cell cell = 
expenseHeaderRow.createCell(i);
                ^
  both class com.lowagie.text.Cell in 
com.lowagie.text and interface 
org.apache.poi.ss.usermodel.Cell in 
org.apache.poi.ss.usermodel match
D:\Code\Java\chia-bill\src\main\java\c
om\kaitohuy\chiabill\service\impl\Expo
rtServiceImpl.java:109: error: 
reference to Row is ambiguous
                Row row = 
sheet.createRow(rowIdx++);
                ^
  both class com.lowagie.text.Row in 
com.lowagie.text and interface 
org.apache.poi.ss.usermodel.Row in 
org.apache.poi.ss.usermodel match
D:\Code\Java\chia-bill\src\main\java\c
om\kaitohuy\chiabill\service\impl\Expo
rtServiceImpl.java:117: error: 
reference to Row is ambiguous
            Row totalRow = 
sheet.createRow(rowIdx++);
            ^
  both class com.lowagie.text.Row in 
com.lowagie.text and interface 
org.apache.poi.ss.usermodel.Row in 
org.apache.poi.ss.usermodel match
D:\Code\Java\chia-bill\src\main\java\c
om\kaitohuy\chiabill\service\impl\Expo
rtServiceImpl.java:118: error: 
reference to Cell is ambiguous
            Cell totalLabel = 
totalRow.createCell(0);
            ^
  both class com.lowagie.text.Cell in 
com.lowagie.text and interface 
org.apache.poi.ss.usermodel.Cell in 
org.apache.poi.ss.usermodel match
D:\Code\Java\chia-bill\src\main\java\c
om\kaitohuy\chiabill\service\impl\Expo
rtServiceImpl.java:121: error: 
reference to Cell is ambiguous
            Cell totalVal = 
totalRow.createCell(1);
            ^
  both class com.lowagie.text.Cell in 
com.lowagie.text and interface 
org.apache.poi.ss.usermodel.Cell in 
org.apache.poi.ss.usermodel match
D:\Code\Java\chia-bill\src\main\java\c
om\kaitohuy\chiabill\service\impl\Expo
rtServiceImpl.java:226: error: 
incompatible types: 
org.apache.poi.ss.usermodel.Font 
cannot be converted to 
com.lowagie.text.Font
        Font font = 
workbook.createFont();
                                      
 ^
D:\Code\Java\chia-bill\src\main\java\c
om\kaitohuy\chiabill\service\impl\Expo
rtServiceImpl.java:227: error: cannot 
find symbol
        font.setBold(true);
            ^
  symbol:   method setBold(boolean)
  location: variable font of type Font
D:\Code\Java\chia-bill\src\main\java\c
om\kaitohuy\chiabill\service\impl\Expo
rtServiceImpl.java:228: error: 
incompatible types: 
com.lowagie.text.Font cannot be 
converted to 
org.apache.poi.ss.usermodel.Font
        style.setFont(font);
                      ^
D:\Code\Java\chia-bill\src\main\java\c
om\kaitohuy\chiabill\service\impl\Expo
rtServiceImpl.java:237: error: 
reference to Row is ambiguous
        Row row = 
sheet.createRow(rowIdx);
        ^
  both class com.lowagie.text.Row in 
com.lowagie.text and interface 
org.apache.poi.ss.usermodel.Row in 
org.apache.poi.ss.usermodel match
Note: D:\Code\Java\chia-bill\src\main\
java\com\kaitohuy\chiabill\security\Go
ogleTokenService.java uses or 
overrides a deprecated API.
Note: Recompile with 
-Xlint:deprecation for details.
Note: Some messages have been 
simplified; recompile with 
-Xdiags:verbose to get full output
19 errors
1 warning

> Task :compileJava FAILED

[Incubating] Problems report is available at: file:///D:/Code/Java/chia-bill/build/reports/problems/problems-report.html

FAILURE: Build failed with an 
exception.

* What went wrong:
Execution failed for task 
':compileJava'.
> Compilation failed; see the 
compiler output below.
  D:\Code\Java\chia-bill\src\main\java
\com\kaitohuy\chiabill\mapper\TripMapp
er.java:13: warning: Unmapped target 
property: "memberCount".
      TripResponse toResponse(Trip 
trip);
                   ^
  19 errors
  1 warning

* Try:
> Run with --scan to get full 
insights.

BUILD FAILED in 12s
1 actionable task: 1 executed
